RAM Allocation [bytes]
Variable                                                                          Address   Size
------------------------------------------------------------------------------------------------
_base_y                                                                           0x0160       4

EEPROM Allocation [bytes]
Variable                                                                          Address   Size
------------------------------------------------------------------------------------------------

Register Allocation
Variable                                                                          Register  Size
------------------------------------------------------------------------------------------------
read_key                                                                          R5           1
read_val                                                                          R4           1
_lcd_x                                                                            R7           1
_lcd_y                                                                            R6           1
_lcd_maxx                                                                         R9           1

FLASH Allocation [words]
Function                                                                          Address   Size
------------------------------------------------------------------------------------------------
read_keypad                                                                       0x00060    127
main                                                                              0x000DF     21
_lcd_write_nibble_G100                                                            0x000F4     20
_lcd_write_data                                                                   0x00108     13
lcd_gotoxy                                                                        0x00115     13
lcd_clear                                                                         0x00122     10
lcd_putchar                                                                       0x0012C     20
lcd_init                                                                          0x00140     43
